# Pristine upstream sha256 per fix target -- the fixes/ tree was cut against
# VANILLA Zephyr 4.4.2 (framework-zephyr 3.40402.0 registry tarball). When the
# framework package changes under a fix, the mismatch warns (overrides) or
# fails with context (patches): re-evaluate the fix, update or drop it.
# 2026-09-17 upgrade from the 4.4.0 custom tarball: the C5 USB/flash support
# that used to ship INSIDE 3.40400.260428 became explicit overrides (content
# from that custom build); the two patches apply unchanged on vanilla 4.4.2.
drivers/adc/adc_stm32.c 4487df8fe72304c57a3c2b4e16d810dffeadbb9ec231b87c8f2744d0f6707055
cmake/modules/FindGnuLd.cmake ae76d6218b47d86a07a100d170fc5bda21101810a18c3470624b930f9ae2222b
drivers/usb/udc/udc_stm32.c cce3ae86dfb457878053278f5b2a84e24b4135330b44bc2dc248e3db249565df
drivers/flash/flash_stm32_xspi.c 8cfca7e4af3a6b5f8e24900e90ff425702e912efecc1f3b42a36a39274c0b0c4
drivers/flash/flash_stm32_xspi.h 0bf20f12282191169efeaa650549ffad3b168fc4b49a797d29f844da3adcf474
